// Jest Snapshot v1, https://goo.gl/fbAQLP

exports[`Loader Component Should render without crashing 1`] = `
<button
  className="form-control btn rounded submit px-3 btn-loading"
  disabled={false}
  type="submit"
>
  testing
</button>
`;
