// Jest Snapshot v1, https://goo.gl/fbAQLP

exports[`DateInput Component should render without crashing 1`] = `
<input
  className="form-control rounded-left"
  id="Booking Date"
  onChange={[MockFunction]}
  placeholder="Booking Date"
  required={true}
  type="date"
  value=""
/>
`;
