// Jest Snapshot v1, https://goo.gl/fbAQLP

exports[`PasswordInput Component should render without crashing 1`] = `
<input
  className="form-control rounded-left"
  id="password"
  onChange={[MockFunction]}
  placeholder="Password"
  required={true}
  type="password"
  value=""
/>
`;
