// Jest Snapshot v1, https://goo.gl/fbAQLP

exports[`TextInput Component should render without crashing 1`] = `
<input
  className="form-control rounded-left"
  id="email"
  onChange={[MockFunction]}
  placeholder="email"
  required={true}
  type="text"
  value=""
/>
`;
