// Jest Snapshot v1, https://goo.gl/fbAQLP

exports[`Render Dom renders without crashing 1`] = `undefined`;
